// Jest Snapshot v1, https://goo.gl/fbAQLP

exports[`renders Missions component correctly 1`] = `
<table
  class="container"
>
  <thead>
    <tr>
      <th>
        <b>
          Mission
        </b>
      </th>
      <th>
        <b>
          Description
        </b>
      </th>
      <th>
        <b>
          Status
        </b>
      </th>
      <th>
         
      </th>
    </tr>
  </thead>
</table>
`;

exports[`renders Missions component with mission list correctly 1`] = `
<table
  class="container"
>
  <thead>
    <tr>
      <th>
        <b>
          Mission
        </b>
      </th>
      <th>
        <b>
          Description
        </b>
      </th>
      <th>
        <b>
          Status
        </b>
      </th>
      <th>
         
      </th>
    </tr>
  </thead>
</table>
`;
