// Jest Snapshot v1, https://goo.gl/fbAQLP

exports[`renders Profile component correctly 1`] = `
<div>
  <div
    class="profile-section"
  >
    <div
      class="profile-missions"
    >
      <h2>
        My Missions
      </h2>
      <p>
        No Missions Joined
      </p>
    </div>
    <div
      class="profile-rockets"
    >
      <h2>
        My Rockets
      </h2>
      <p>
        No Rockets Reserved
      </p>
    </div>
  </div>
</div>
`;
